// Jest Snapshot v1, https://goo.gl/fbAQLP

exports[`Participant Component renders the UI as expected 1`] = `
<section
  className="ParticipantList"
>
  <div
    className="participant"
  >
    <img
      alt="Koren Templeton's avatar"
      src="https://robohash.org/itaquevoluptatumrerum.jpg?size=200x200&set=set1"
    />
    <h3
      className="participantName"
    >
      Koren Templeton
    </h3>
    <p
      className="in-session"
    >
      on stage
    </p>
  </div>
</section>
`;
