// Jest Snapshot v1, https://goo.gl/fbAQLP

exports[`StageTile Component renders the UI as expected 1`] = `
<div
  className="stage-tile"
>
  <h3>
    Tommy Thompson
  </h3>
  <button />
  <button />
  <img
    alt="Tommy Thompson's avatar"
    src="https://robohash.org/iustodoloremqueinventore.jpg?size=200x200&set=set1"
  />
</div>
`;
